IMG_ (1).jpg
IMG_ (2).jpg
IMG_ (3).jpg
IMG_ (4).jpg
IMG_ (5).jpg
IMG_ (6).jpg
IMG_ (7).jpg
IMG_ (8).jpg
IMG_ (9).jpg
IMG_ (10).jpg
IMG_ (11).jpg
IMG_ (12).jpg
IMG_ (13).jpg
IMG_ (14).jpg
IMG_ (15).jpg
IMG_ (16).jpg
IMG_ (17).jpg
IMG_ (18).jpg
IMG_ (19).jpg
IMG_ (20).jpg
IMG_ (21).jpg
IMG_ (22).jpg
IMG_ (23).jpg
IMG_ (24).jpg
IMG_ (25).jpg
IMG_ (26).jpg
IMG_ (27).jpg
IMG_ (28).jpg
IMG_ (29).jpg
IMG_ (30).jpg
IMG_ (31).jpg
IMG_ (32).jpg
IMG_ (33).jpg
IMG_ (34).jpg
IMG_ (35).jpg
IMG_ (36).jpg
IMG_ (37).jpg
IMG_ (38).jpg
IMG_ (39).jpg
IMG_ (40).jpg
IMG_ (41).jpg
IMG_ (42).jpg
IMG_ (43).jpg
IMG_ (44).jpg
IMG_ (45).jpg
IMG_ (46).jpg
IMG_ (47).jpg
IMG_ (48).jpg
IMG_ (49).jpg
IMG_ (50).jpg
IMG_ (51).jpg
IMG_ (52).jpg
IMG_ (53).jpg
IMG_ (54).jpg
IMG_ (55).jpg
IMG_ (56).jpg
IMG_ (57).jpg
IMG_ (58).jpg
IMG_ (59).jpg
IMG_ (60).jpg
IMG_ (61).jpg
IMG_ (62).jpg
IMG_ (63).jpg
IMG_ (64).jpg
IMG_ (65).jpg
IMG_ (66).jpg
IMG_ (67).jpg
IMG_ (68).jpg
IMG_ (69).jpg
IMG_ (70).jpg
IMG_ (71).jpg
IMG_ (72).jpg
IMG_ (73).jpg
IMG_ (74).jpg
IMG_ (75).jpg
IMG_ (76).jpg
IMG_ (77).jpg
IMG_ (78).jpg
IMG_ (79).jpg
IMG_ (80).jpg
IMG_ (81).jpg
IMG_ (82).jpg
IMG_ (83).jpg
IMG_ (84).jpg
IMG_ (85).jpg
IMG_ (86).jpg
IMG_ (87).jpg
IMG_ (88).jpg
IMG_ (89).jpg
IMG_ (90).jpg
IMG_ (91).jpg
IMG_ (92).jpg
IMG_ (93).jpg
IMG_ (94).jpg
IMG_ (95).jpg
IMG_ (96).jpg
IMG_ (97).jpg
IMG_ (98).jpg
IMG_ (99).jpg
IMG_ (100).jpg
IMG_ (101).jpg
IMG_ (102).jpg
IMG_ (103).jpg
IMG_ (104).jpg
IMG_ (105).jpg
IMG_ (106).jpg
IMG_ (107).jpg
IMG_ (108).jpg
IMG_ (109).jpg
IMG_ (110).jpg
IMG_ (111).jpg
IMG_ (112).jpg
IMG_ (113).jpg
IMG_ (114).jpg
IMG_ (115).jpg
IMG_ (116).jpg
IMG_ (117).jpg
IMG_ (118).jpg
IMG_ (119).jpg
IMG_ (120).jpg
IMG_ (121).jpg